// Jest Snapshot v1, https://goo.gl/fbAQLP

exports[`ColorSelector component renders ColorSelector 1`] = `
<Fragment>
  <span>
    Text Color:
  </span>
  <input
    name="textColor"
    onChange={[Function]}
    style={
      Object {
        "marginLeft": "10px",
        "marginRight": "10px",
      }
    }
    type="color"
    value="testing2"
  />
  <span>
    Background Color:
  </span>
  <input
    name="backgroundColor"
    onChange={[Function]}
    style={
      Object {
        "marginLeft": "10px",
        "marginRight": "10px",
      }
    }
    type="color"
    value="testing"
  />
</Fragment>
`;
