// Jest Snapshot v1, https://goo.gl/fbAQLP

exports[`ColorSelector component renders ColorSelector 1`] = `
<Fragment>
  <input
    name="textColor"
    onChange={[Function]}
    type="color"
    value="testing2"
  />
  <input
    name="backgroundColor"
    onChange={[Function]}
    type="color"
    value="testing"
  />
</Fragment>
`;
